{"FileName":"test4", "FileType": "bas","body": [{"RuleType": "DeclareVariable","Identifier": "counter","Type": "Integer"},{"RuleType": "expression", "Body": [{"Type":"ambiguousIdentifier", "Symbol":"counter"},{"Type":"Operator","Symbol": "="},{"Type":"integerLiteral", "Symbol":"1"}]},{"RuleType":"DoLoopStatement","Kind":"until","BeforeLoop":false,"Condition": [{"Type":"ambiguousIdentifier", "Symbol":"counter"},{"Type":"Operator","Symbol": ">"},{"Type":"integerLiteral", "Symbol":"5"}],"Body": [{"RuleType": "expression", "Body": [{"Type":"ambiguousIdentifier", "Symbol":"counter"},{"Type":"Operator","Symbol": "="},{"Type":"ambiguousIdentifier", "Symbol":"counter"},{"Type":"Operator","Symbol": "+"},{"Type":"integerLiteral", "Symbol":"1"}]}]}]}